<html>
<body>
<pre>
<h1>µVision Build Log</h1>
<h2>Tool Versions:</h2>
IDE-Version: µVision V5.24.2.0
Copyright (C) 2017 ARM Ltd and ARM Germany GmbH. All rights reserved.
License Information: 1 1, 1, LIC=JDA30-BWP39-063QU-SKA4J-B1KV4-Y6PS5
 
Tool Versions:
Toolchain:       MDK-ARM Professional  Version: 5.24.1
Toolchain Path:  C:\Keil_v5\ARM\ARMCC\Bin
C Compiler:      Armcc.exe V5.06 update 5 (build 528)
Assembler:       Armasm.exe V5.06 update 5 (build 528)
Linker/Locator:  ArmLink.exe V5.06 update 5 (build 528)
Library Manager: ArmAr.exe V5.06 update 5 (build 528)
Hex Converter:   FromElf.exe V5.06 update 5 (build 528)
CPU DLL:         SARMCM3.DLL V5.24.1
Dialog DLL:      DCM.DLL V1.16.0.0
Target DLL:      STLink\ST-LINKIII-KEIL_SWO.dll V3.0.1.0
Dialog DLL:      TCM.DLL V1.32.0.0
 
<h2>Project:</h2>
C:\Users\User\YandexDisk\Projects\MoveHead\STM32_MoveHead\STM32_MoveHead.uvprojx
Project File Date:  06/23/2019

<h2>Output:</h2>
*** Using Compiler 'V5.06 update 5 (build 528)', folder: 'C:\Keil_v5\ARM\ARMCC\Bin'
Build target 'STM32F103C8'
assembling startup_stm32f10x_md.s...
compiling core_cm3.c...
compiling system_stm32f10x.c...
compiling misc.c...
compiling stm32f10x_adc.c...
compiling stm32f10x_exti.c...
compiling stm32f10x_flash.c...
compiling stm32f10x_gpio.c...
compiling stm32f10x_i2c.c...
compiling stm32f10x_pwr.c...
compiling stm32f10x_rcc.c...
compiling stm32f10x_usart.c...
compiling stm32f10x_dma.c...
compiling main.c...
src\main.c(225): warning:  #111-D: statement is unreachable
  	return 1;
src\main.c: 1 warning, 0 errors
compiling sensor.c...
compiling peripheral.c...
src\peripheral.c(238): warning:  #940-D: missing return statement at end of non-void function "I2C1_write" 
  }
src\peripheral.c(243): warning:  #940-D: missing return statement at end of non-void function "I2C1_write_byte" 
  }
src\peripheral.c(339): warning:  #940-D: missing return statement at end of non-void function "I2C1_read" 
  }
src\peripheral.c: 3 warnings, 0 errors
compiling compass.c...
compiling dcm.c...
src\dcm.c(140): warning:  #167-D: argument of type "float (*)[3]" is incompatible with parameter of type "const float (*)[3]"
    Matrix_Multiply(DCM_Matrix,Update_Matrix,Temporary_Matrix); //a*b=c
src\dcm.c(140): warning:  #167-D: argument of type "float (*)[3]" is incompatible with parameter of type "const float (*)[3]"
    Matrix_Multiply(DCM_Matrix,Update_Matrix,Temporary_Matrix); //a*b=c
src\dcm.c(153): warning:  #177-D: variable "yaw_err"  was declared but never referenced
  	float yaw_err;
src\dcm.c: 3 warnings, 0 errors
compiling facetrack.c...
compiling freetrack_math.c...
compiling calibration.c...
linking...
Program Size: Code=26976 RO-data=984 RW-data=376 ZI-data=5072  
FromELF: creating hex file...
".\Objects\STM32F103_MPU9250.axf" - 0 Error(s), 7 Warning(s).

<h2>Software Packages used:</h2>

Package Vendor: Keil
                http://www.keil.com/pack/Keil.STM32F1xx_DFP.2.3.0.pack
                Keil.STM32F1xx_DFP.2.3.0
                STMicroelectronics STM32F1 Series Device Support, Drivers and Examples

<h2>Collection of Component include folders:</h2>
  .\RTE\_STM32F103C8
  C:\Keil_v5\ARM\PACK\Keil\STM32F1xx_DFP\2.3.0\Device\Include

<h2>Collection of Component Files used:</h2>
Build Time Elapsed:  00:00:15
</pre>
</body>
</html>
